
/home/shreyas/Documents/Elipsonics/multi_tenant_ticketing_system/src/app/api/v1/auth/login/route.ts
  21:11  warning  'password' is assigned a value but never used  @typescript-eslint/no-unused-vars

/home/shreyas/Documents/Elipsonics/multi_tenant_ticketing_system/src/app/api/v1/auth/me/route.ts
  5:10  warning  'authRepository' is defined but never used  @typescript-eslint/no-unused-vars

/home/shreyas/Documents/Elipsonics/multi_tenant_ticketing_system/src/app/api/v1/platform/tenants/route.ts
  40:12  warning  'error' is defined but never used  @typescript-eslint/no-unused-vars

/home/shreyas/Documents/Elipsonics/multi_tenant_ticketing_system/src/app/auth/layout.tsx
  1:10  warning  'ReactNode' is defined but never used  @typescript-eslint/no-unused-vars

/home/shreyas/Documents/Elipsonics/multi_tenant_ticketing_system/src/app/auth/session-expired/page.tsx
  3:8  warning  'Link' is defined but never used  @typescript-eslint/no-unused-vars

/home/shreyas/Documents/Elipsonics/multi_tenant_ticketing_system/src/components/auth/reset-password-form.tsx
  4:8   warning  'Link' is defined but never used       @typescript-eslint/no-unused-vars
  5:10  warning  'useRouter' is defined but never used  @typescript-eslint/no-unused-vars
  7:24  warning  'Loader2' is defined but never used    @typescript-eslint/no-unused-vars

/home/shreyas/Documents/Elipsonics/multi_tenant_ticketing_system/src/components/tenants/create-tenant-dialog.tsx
  20:50  error  Unexpected any. Specify a different type  @typescript-eslint/no-explicit-any
  41:21  error  Unexpected any. Specify a different type  @typescript-eslint/no-explicit-any
  59:50  error  Unexpected any. Specify a different type  @typescript-eslint/no-explicit-any

/home/shreyas/Documents/Elipsonics/multi_tenant_ticketing_system/src/components/tenants/tenant-details.tsx
  46:14  warning  'err' is defined but never used                                                                                 @typescript-eslint/no-unused-vars
  57:6   warning  React Hook useEffect has a missing dependency: 'fetchTenant'. Either include it or remove the dependency array  react-hooks/exhaustive-deps

/home/shreyas/Documents/Elipsonics/multi_tenant_ticketing_system/src/components/tenants/tenant-list.tsx
  27:91  error    Unexpected any. Specify a different type                                                                         @typescript-eslint/no-explicit-any
  40:6   warning  React Hook useEffect has a missing dependency: 'fetchTenants'. Either include it or remove the dependency array  react-hooks/exhaustive-deps
  47:14  warning  'err' is defined but never used                                                                                  @typescript-eslint/no-unused-vars
  56:14  warning  'err' is defined but never used                                                                                  @typescript-eslint/no-unused-vars

/home/shreyas/Documents/Elipsonics/multi_tenant_ticketing_system/src/contexts/auth-context.tsx
  44:14  warning  'err' is defined but never used         @typescript-eslint/no-unused-vars
  92:6   warning  'permission' is defined but never used  @typescript-eslint/no-unused-vars

/home/shreyas/Documents/Elipsonics/multi_tenant_ticketing_system/src/lib/auth/authorization.service.ts
  4:10  warning  'Role' is defined but never used  @typescript-eslint/no-unused-vars

/home/shreyas/Documents/Elipsonics/multi_tenant_ticketing_system/src/lib/auth/authorization.types.ts
  1:10  warning  'Permission' is defined but never used  @typescript-eslint/no-unused-vars

/home/shreyas/Documents/Elipsonics/multi_tenant_ticketing_system/src/services/auth/auth.service.ts
  3:10  warning  'env' is defined but never used  @typescript-eslint/no-unused-vars

/home/shreyas/Documents/Elipsonics/multi_tenant_ticketing_system/src/services/auth/session.service.ts
  87:11  warning  'session' is assigned a value but never used  @typescript-eslint/no-unused-vars

/home/shreyas/Documents/Elipsonics/multi_tenant_ticketing_system/src/tests/tenant/tenant-list.test.tsx
  2:1  warning  Unused eslint-disable directive (no problems were reported from '@typescript-eslint/no-unused-vars')

✖ 24 problems (4 errors, 20 warnings)
  0 errors and 1 warning potentially fixable with the `--fix` option.

