
> multi_tenant_ticketing_system@0.1.0 type-check
> tsc --noEmit

src/lib/auth/jwt.ts(10,16): error TS2769: No overload matches this call.
  Overload 1 of 5, '(payload: string | object | Buffer<ArrayBufferLike>, secretOrPrivateKey: null, options?: (SignOptions & { algorithm: "none"; }) | undefined): string', gave the following error.
    Argument of type 'string' is not assignable to parameter of type 'null'.
  Overload 2 of 5, '(payload: string | object | Buffer<ArrayBufferLike>, secretOrPrivateKey: Buffer<ArrayBufferLike> | Secret | PrivateKeyInput | JsonWebKeyInput, options?: SignOptions | undefined): string', gave the following error.
    Type 'string' is not assignable to type 'number | StringValue | undefined'.
  Overload 3 of 5, '(payload: string | object | Buffer<ArrayBufferLike>, secretOrPrivateKey: Buffer<ArrayBufferLike> | Secret | PrivateKeyInput | JsonWebKeyInput, callback: SignCallback): void', gave the following error.
    Object literal may only specify known properties, and 'expiresIn' does not exist in type 'SignCallback'.
src/lib/auth/jwt.ts(21,16): error TS2769: No overload matches this call.
  Overload 1 of 5, '(payload: string | object | Buffer<ArrayBufferLike>, secretOrPrivateKey: null, options?: (SignOptions & { algorithm: "none"; }) | undefined): string', gave the following error.
    Argument of type 'string' is not assignable to parameter of type 'null'.
  Overload 2 of 5, '(payload: string | object | Buffer<ArrayBufferLike>, secretOrPrivateKey: Buffer<ArrayBufferLike> | Secret | PrivateKeyInput | JsonWebKeyInput, options?: SignOptions | undefined): string', gave the following error.
    Type 'string' is not assignable to type 'number | StringValue | undefined'.
  Overload 3 of 5, '(payload: string | object | Buffer<ArrayBufferLike>, secretOrPrivateKey: Buffer<ArrayBufferLike> | Secret | PrivateKeyInput | JsonWebKeyInput, callback: SignCallback): void', gave the following error.
    Object literal may only specify known properties, and 'expiresIn' does not exist in type 'SignCallback'.
src/lib/auth/password.ts(11,3): error TS2322: Type 'Buffer<ArrayBufferLike>' is not assignable to type 'string'.
src/lib/errors/auth-errors.ts(9,45): error TS2345: Argument of type '"INVALID_CREDENTIALS"' is not assignable to parameter of type 'ErrorCode'.
src/lib/errors/auth-errors.ts(15,45): error TS2345: Argument of type '"SESSION_EXPIRED"' is not assignable to parameter of type 'ErrorCode'.
src/lib/errors/auth-errors.ts(21,45): error TS2345: Argument of type '"SESSION_REVOKED"' is not assignable to parameter of type 'ErrorCode'.
src/lib/errors/auth-errors.ts(27,45): error TS2345: Argument of type '"INVALID_TOKEN"' is not assignable to parameter of type 'ErrorCode'.
src/lib/errors/auth-errors.ts(33,45): error TS2345: Argument of type '"TOKEN_EXPIRED"' is not assignable to parameter of type 'ErrorCode'.
src/lib/errors/auth-errors.ts(39,42): error TS2345: Argument of type '"ACCOUNT_DISABLED"' is not assignable to parameter of type 'ErrorCode'.
src/lib/errors/auth-errors.ts(45,42): error TS2345: Argument of type '"ACCOUNT_INACTIVE"' is not assignable to parameter of type 'ErrorCode'.
src/lib/errors/auth-errors.ts(51,44): error TS2345: Argument of type '"PASSWORD_POLICY_VIOLATION"' is not assignable to parameter of type 'ErrorCode'.
src/lib/errors/auth-errors.ts(57,45): error TS2345: Argument of type '"MISSING_TOKEN"' is not assignable to parameter of type 'ErrorCode'.
src/lib/errors/auth-errors.ts(63,45): error TS2345: Argument of type '"INVALID_REFRESH_TOKEN"' is not assignable to parameter of type 'ErrorCode'.
src/tests/auth/jwt.test.ts(5,1): error TS2304: Cannot find name 'vi'.
src/tests/auth/middleware.test.ts(34,59): error TS2345: Argument of type 'Promise<JwtPayload>' is not assignable to parameter of type 'JwtPayload'.
  Type 'Promise<JwtPayload>' is missing the following properties from type 'JwtPayload': sub, tenantId, sessionId, role, tokenType
