src/app/auth/reset-password/page.tsx(70,19): error TS2322: Type '{ children: Element; asChild: true; className: string; }' is not assignable to type 'IntrinsicAttributes & ButtonProps & VariantProps<(props?: (ConfigVariants<{ variant: { default: string; outline: string; secondary: string; ghost: string; destructive: string; link: string; }; size: { ...; }; }> & ClassProp) | undefined) => string>'.
  Property 'asChild' does not exist on type 'IntrinsicAttributes & ButtonProps & VariantProps<(props?: (ConfigVariants<{ variant: { default: string; outline: string; secondary: string; ghost: string; destructive: string; link: string; }; size: { ...; }; }> & ClassProp) | undefined) => string>'.
src/app/auth/reset-password/page.tsx(124,21): error TS2322: Type '{ children: Element; asChild: true; className: string; }' is not assignable to type 'IntrinsicAttributes & ButtonProps & VariantProps<(props?: (ConfigVariants<{ variant: { default: string; outline: string; secondary: string; ghost: string; destructive: string; link: string; }; size: { ...; }; }> & ClassProp) | undefined) => string>'.
  Property 'asChild' does not exist on type 'IntrinsicAttributes & ButtonProps & VariantProps<(props?: (ConfigVariants<{ variant: { default: string; outline: string; secondary: string; ghost: string; destructive: string; link: string; }; size: { ...; }; }> & ClassProp) | undefined) => string>'.
src/components/users/user-details.tsx(84,5): error TS2304: Cannot find name 'setIsStatusUpdating'.
src/components/users/user-details.tsx(93,7): error TS2304: Cannot find name 'setIsStatusUpdating'.
src/components/users/user-details.tsx(243,24): error TS2304: Cannot find name 'CheckCircle2'.
src/components/users/user-details.tsx(244,24): error TS2304: Cannot find name 'XCircle'.
src/components/users/user-details.tsx(255,27): error TS2304: Cannot find name 'isStatusUpdating'.
src/components/users/user-details.tsx(262,18): error TS2304: Cannot find name 'isStatusUpdating'.
src/lib/errors/auth-errors.ts(84,42): error TS2345: Argument of type '"MUST_CHANGE_PASSWORD"' is not assignable to parameter of type 'ErrorCode'.
src/tests/auth/jwt.test.ts(26,50): error TS2345: Argument of type '{ sub: string; tenantId: string; sessionId: string; role: "ENGINEER"; }' is not assignable to parameter of type 'Omit<JwtPayload, "tokenType">'.
  Property 'mustChangePassword' is missing in type '{ sub: string; tenantId: string; sessionId: string; role: "ENGINEER"; }' but required in type 'Omit<JwtPayload, "tokenType">'.
src/tests/auth/jwt.test.ts(34,51): error TS2345: Argument of type '{ sub: string; tenantId: string; sessionId: string; role: "ENGINEER"; }' is not assignable to parameter of type 'Omit<JwtPayload, "tokenType">'.
  Property 'mustChangePassword' is missing in type '{ sub: string; tenantId: string; sessionId: string; role: "ENGINEER"; }' but required in type 'Omit<JwtPayload, "tokenType">'.
src/tests/auth/jwt.test.ts(72,50): error TS2345: Argument of type '{ sub: string; tenantId: string; sessionId: string; role: "ENGINEER"; }' is not assignable to parameter of type 'Omit<JwtPayload, "tokenType">'.
  Property 'mustChangePassword' is missing in type '{ sub: string; tenantId: string; sessionId: string; role: "ENGINEER"; }' but required in type 'Omit<JwtPayload, "tokenType">'.
src/tests/tenant/tenant.service.test.ts(44,55): error TS2345: Argument of type '{ name: string; domain: string; timezone: string; currency: string; }' is not assignable to parameter of type '{ name: string; timezone: string; currency: string; admin: { firstName: string; lastName: string; email: string; temporaryPassword: string; }; domain?: string | null | undefined; contactEmail?: string | ... 1 more ... | undefined; contactPhone?: string | ... 1 more ... | undefined; }'.
  Property 'admin' is missing in type '{ name: string; domain: string; timezone: string; currency: string; }' but required in type '{ name: string; timezone: string; currency: string; admin: { firstName: string; lastName: string; email: string; temporaryPassword: string; }; domain?: string | null | undefined; contactEmail?: string | ... 1 more ... | undefined; contactPhone?: string | ... 1 more ... | undefined; }'.
